F:/DAY HOC/2022-2023_HK_II/HE THONG NHUNG IOT/SDK_1.0.3_NUCLEO-F401RE/shared/Drivers/STM32F401RE_StdPeriph_Driver/src/stm32f401re_gpio.c:55:6:GPIO_Init	32	static
F:/DAY HOC/2022-2023_HK_II/HE THONG NHUNG IOT/SDK_1.0.3_NUCLEO-F401RE/shared/Drivers/STM32F401RE_StdPeriph_Driver/src/stm32f401re_gpio.c:95:6:GPIO_StructInit	16	static
F:/DAY HOC/2022-2023_HK_II/HE THONG NHUNG IOT/SDK_1.0.3_NUCLEO-F401RE/shared/Drivers/STM32F401RE_StdPeriph_Driver/src/stm32f401re_gpio.c:118:6:GPIO_PinLockConfig	24	static
F:/DAY HOC/2022-2023_HK_II/HE THONG NHUNG IOT/SDK_1.0.3_NUCLEO-F401RE/shared/Drivers/STM32F401RE_StdPeriph_Driver/src/stm32f401re_gpio.c:161:9:GPIO_ReadInputDataBit	24	static
F:/DAY HOC/2022-2023_HK_II/HE THONG NHUNG IOT/SDK_1.0.3_NUCLEO-F401RE/shared/Drivers/STM32F401RE_StdPeriph_Driver/src/stm32f401re_gpio.c:183:10:GPIO_ReadInputData	16	static
F:/DAY HOC/2022-2023_HK_II/HE THONG NHUNG IOT/SDK_1.0.3_NUCLEO-F401RE/shared/Drivers/STM32F401RE_StdPeriph_Driver/src/stm32f401re_gpio.c:198:9:GPIO_ReadOutputDataBit	24	static
F:/DAY HOC/2022-2023_HK_II/HE THONG NHUNG IOT/SDK_1.0.3_NUCLEO-F401RE/shared/Drivers/STM32F401RE_StdPeriph_Driver/src/stm32f401re_gpio.c:220:10:GPIO_ReadOutputData	16	static
F:/DAY HOC/2022-2023_HK_II/HE THONG NHUNG IOT/SDK_1.0.3_NUCLEO-F401RE/shared/Drivers/STM32F401RE_StdPeriph_Driver/src/stm32f401re_gpio.c:237:6:GPIO_SetBits	16	static
F:/DAY HOC/2022-2023_HK_II/HE THONG NHUNG IOT/SDK_1.0.3_NUCLEO-F401RE/shared/Drivers/STM32F401RE_StdPeriph_Driver/src/stm32f401re_gpio.c:254:6:GPIO_ResetBits	16	static
F:/DAY HOC/2022-2023_HK_II/HE THONG NHUNG IOT/SDK_1.0.3_NUCLEO-F401RE/shared/Drivers/STM32F401RE_StdPeriph_Driver/src/stm32f401re_gpio.c:272:6:GPIO_WriteBit	16	static
F:/DAY HOC/2022-2023_HK_II/HE THONG NHUNG IOT/SDK_1.0.3_NUCLEO-F401RE/shared/Drivers/STM32F401RE_StdPeriph_Driver/src/stm32f401re_gpio.c:292:6:GPIO_Write	16	static
F:/DAY HOC/2022-2023_HK_II/HE THONG NHUNG IOT/SDK_1.0.3_NUCLEO-F401RE/shared/Drivers/STM32F401RE_StdPeriph_Driver/src/stm32f401re_gpio.c:305:6:GPIO_ToggleBits	16	static
F:/DAY HOC/2022-2023_HK_II/HE THONG NHUNG IOT/SDK_1.0.3_NUCLEO-F401RE/shared/Drivers/STM32F401RE_StdPeriph_Driver/src/stm32f401re_gpio.c:385:6:GPIO_PinAFConfig	24	static
