F:/DAY HOC/2023-2024_HK_III_TUXA/HE-THONG-NHUNG-IOT/MCU/SDK_1.0.3_NUCLEO-F401RE/shared/Drivers/STM32F401RE_StdPeriph_Driver/src/stm32f401re_rcc.c:185:6:RCC_DeInit	4	static
F:/DAY HOC/2023-2024_HK_III_TUXA/HE-THONG-NHUNG-IOT/MCU/SDK_1.0.3_NUCLEO-F401RE/shared/Drivers/STM32F401RE_StdPeriph_Driver/src/stm32f401re_rcc.c:231:6:RCC_HSEConfig	16	static
F:/DAY HOC/2023-2024_HK_III_TUXA/HE-THONG-NHUNG-IOT/MCU/SDK_1.0.3_NUCLEO-F401RE/shared/Drivers/STM32F401RE_StdPeriph_Driver/src/stm32f401re_rcc.c:254:13:RCC_WaitForHSEStartUp	16	static
F:/DAY HOC/2023-2024_HK_III_TUXA/HE-THONG-NHUNG-IOT/MCU/SDK_1.0.3_NUCLEO-F401RE/shared/Drivers/STM32F401RE_StdPeriph_Driver/src/stm32f401re_rcc.c:285:6:RCC_AdjustHSICalibrationValue	24	static
F:/DAY HOC/2023-2024_HK_III_TUXA/HE-THONG-NHUNG-IOT/MCU/SDK_1.0.3_NUCLEO-F401RE/shared/Drivers/STM32F401RE_StdPeriph_Driver/src/stm32f401re_rcc.c:321:6:RCC_HSICmd	16	static
F:/DAY HOC/2023-2024_HK_III_TUXA/HE-THONG-NHUNG-IOT/MCU/SDK_1.0.3_NUCLEO-F401RE/shared/Drivers/STM32F401RE_StdPeriph_Driver/src/stm32f401re_rcc.c:346:6:RCC_LSEConfig	16	static
F:/DAY HOC/2023-2024_HK_III_TUXA/HE-THONG-NHUNG-IOT/MCU/SDK_1.0.3_NUCLEO-F401RE/shared/Drivers/STM32F401RE_StdPeriph_Driver/src/stm32f401re_rcc.c:386:6:RCC_LSICmd	16	static
F:/DAY HOC/2023-2024_HK_III_TUXA/HE-THONG-NHUNG-IOT/MCU/SDK_1.0.3_NUCLEO-F401RE/shared/Drivers/STM32F401RE_StdPeriph_Driver/src/stm32f401re_rcc.c:429:6:RCC_PLLConfig	24	static
F:/DAY HOC/2023-2024_HK_III_TUXA/HE-THONG-NHUNG-IOT/MCU/SDK_1.0.3_NUCLEO-F401RE/shared/Drivers/STM32F401RE_StdPeriph_Driver/src/stm32f401re_rcc.c:452:6:RCC_PLLCmd	16	static
F:/DAY HOC/2023-2024_HK_III_TUXA/HE-THONG-NHUNG-IOT/MCU/SDK_1.0.3_NUCLEO-F401RE/shared/Drivers/STM32F401RE_StdPeriph_Driver/src/stm32f401re_rcc.c:482:6:RCC_PLLI2SConfig	16	static
F:/DAY HOC/2023-2024_HK_III_TUXA/HE-THONG-NHUNG-IOT/MCU/SDK_1.0.3_NUCLEO-F401RE/shared/Drivers/STM32F401RE_StdPeriph_Driver/src/stm32f401re_rcc.c:497:6:RCC_PLLI2SCmd	16	static
F:/DAY HOC/2023-2024_HK_III_TUXA/HE-THONG-NHUNG-IOT/MCU/SDK_1.0.3_NUCLEO-F401RE/shared/Drivers/STM32F401RE_StdPeriph_Driver/src/stm32f401re_rcc.c:526:6:RCC_PLLSAIConfig	24	static
F:/DAY HOC/2023-2024_HK_III_TUXA/HE-THONG-NHUNG-IOT/MCU/SDK_1.0.3_NUCLEO-F401RE/shared/Drivers/STM32F401RE_StdPeriph_Driver/src/stm32f401re_rcc.c:545:6:RCC_PLLSAICmd	16	static
F:/DAY HOC/2023-2024_HK_III_TUXA/HE-THONG-NHUNG-IOT/MCU/SDK_1.0.3_NUCLEO-F401RE/shared/Drivers/STM32F401RE_StdPeriph_Driver/src/stm32f401re_rcc.c:563:6:RCC_ClockSecuritySystemCmd	16	static
F:/DAY HOC/2023-2024_HK_III_TUXA/HE-THONG-NHUNG-IOT/MCU/SDK_1.0.3_NUCLEO-F401RE/shared/Drivers/STM32F401RE_StdPeriph_Driver/src/stm32f401re_rcc.c:588:6:RCC_MCO1Config	24	static
F:/DAY HOC/2023-2024_HK_III_TUXA/HE-THONG-NHUNG-IOT/MCU/SDK_1.0.3_NUCLEO-F401RE/shared/Drivers/STM32F401RE_StdPeriph_Driver/src/stm32f401re_rcc.c:630:6:RCC_MCO2Config	24	static
F:/DAY HOC/2023-2024_HK_III_TUXA/HE-THONG-NHUNG-IOT/MCU/SDK_1.0.3_NUCLEO-F401RE/shared/Drivers/STM32F401RE_StdPeriph_Driver/src/stm32f401re_rcc.c:826:6:RCC_SYSCLKConfig	24	static
F:/DAY HOC/2023-2024_HK_III_TUXA/HE-THONG-NHUNG-IOT/MCU/SDK_1.0.3_NUCLEO-F401RE/shared/Drivers/STM32F401RE_StdPeriph_Driver/src/stm32f401re_rcc.c:855:9:RCC_GetSYSCLKSource	4	static
F:/DAY HOC/2023-2024_HK_III_TUXA/HE-THONG-NHUNG-IOT/MCU/SDK_1.0.3_NUCLEO-F401RE/shared/Drivers/STM32F401RE_StdPeriph_Driver/src/stm32f401re_rcc.c:880:6:RCC_HCLKConfig	24	static
F:/DAY HOC/2023-2024_HK_III_TUXA/HE-THONG-NHUNG-IOT/MCU/SDK_1.0.3_NUCLEO-F401RE/shared/Drivers/STM32F401RE_StdPeriph_Driver/src/stm32f401re_rcc.c:911:6:RCC_PCLK1Config	24	static
F:/DAY HOC/2023-2024_HK_III_TUXA/HE-THONG-NHUNG-IOT/MCU/SDK_1.0.3_NUCLEO-F401RE/shared/Drivers/STM32F401RE_StdPeriph_Driver/src/stm32f401re_rcc.c:942:6:RCC_PCLK2Config	24	static
F:/DAY HOC/2023-2024_HK_III_TUXA/HE-THONG-NHUNG-IOT/MCU/SDK_1.0.3_NUCLEO-F401RE/shared/Drivers/STM32F401RE_StdPeriph_Driver/src/stm32f401re_rcc.c:994:6:RCC_GetClocksFreq	40	static
F:/DAY HOC/2023-2024_HK_III_TUXA/HE-THONG-NHUNG-IOT/MCU/SDK_1.0.3_NUCLEO-F401RE/shared/Drivers/STM32F401RE_StdPeriph_Driver/src/stm32f401re_rcc.c:1119:6:RCC_RTCCLKConfig	24	static
F:/DAY HOC/2023-2024_HK_III_TUXA/HE-THONG-NHUNG-IOT/MCU/SDK_1.0.3_NUCLEO-F401RE/shared/Drivers/STM32F401RE_StdPeriph_Driver/src/stm32f401re_rcc.c:1151:6:RCC_RTCCLKCmd	16	static
F:/DAY HOC/2023-2024_HK_III_TUXA/HE-THONG-NHUNG-IOT/MCU/SDK_1.0.3_NUCLEO-F401RE/shared/Drivers/STM32F401RE_StdPeriph_Driver/src/stm32f401re_rcc.c:1168:6:RCC_BackupResetCmd	16	static
F:/DAY HOC/2023-2024_HK_III_TUXA/HE-THONG-NHUNG-IOT/MCU/SDK_1.0.3_NUCLEO-F401RE/shared/Drivers/STM32F401RE_StdPeriph_Driver/src/stm32f401re_rcc.c:1185:6:RCC_I2SCLKConfig	16	static
F:/DAY HOC/2023-2024_HK_III_TUXA/HE-THONG-NHUNG-IOT/MCU/SDK_1.0.3_NUCLEO-F401RE/shared/Drivers/STM32F401RE_StdPeriph_Driver/src/stm32f401re_rcc.c:1206:6:RCC_SAIPLLI2SClkDivConfig	24	static
F:/DAY HOC/2023-2024_HK_III_TUXA/HE-THONG-NHUNG-IOT/MCU/SDK_1.0.3_NUCLEO-F401RE/shared/Drivers/STM32F401RE_StdPeriph_Driver/src/stm32f401re_rcc.c:1238:6:RCC_SAIPLLSAIClkDivConfig	24	static
F:/DAY HOC/2023-2024_HK_III_TUXA/HE-THONG-NHUNG-IOT/MCU/SDK_1.0.3_NUCLEO-F401RE/shared/Drivers/STM32F401RE_StdPeriph_Driver/src/stm32f401re_rcc.c:1274:6:RCC_LTDCCLKDivConfig	24	static
F:/DAY HOC/2023-2024_HK_III_TUXA/HE-THONG-NHUNG-IOT/MCU/SDK_1.0.3_NUCLEO-F401RE/shared/Drivers/STM32F401RE_StdPeriph_Driver/src/stm32f401re_rcc.c:1311:6:RCC_TIMCLKPresConfig	16	static
F:/DAY HOC/2023-2024_HK_III_TUXA/HE-THONG-NHUNG-IOT/MCU/SDK_1.0.3_NUCLEO-F401RE/shared/Drivers/STM32F401RE_StdPeriph_Driver/src/stm32f401re_rcc.c:1353:6:RCC_AHB1PeriphClockCmd	16	static
F:/DAY HOC/2023-2024_HK_III_TUXA/HE-THONG-NHUNG-IOT/MCU/SDK_1.0.3_NUCLEO-F401RE/shared/Drivers/STM32F401RE_StdPeriph_Driver/src/stm32f401re_rcc.c:1385:6:RCC_AHB2PeriphClockCmd	16	static
F:/DAY HOC/2023-2024_HK_III_TUXA/HE-THONG-NHUNG-IOT/MCU/SDK_1.0.3_NUCLEO-F401RE/shared/Drivers/STM32F401RE_StdPeriph_Driver/src/stm32f401re_rcc.c:1441:6:RCC_APB1PeriphClockCmd	16	static
F:/DAY HOC/2023-2024_HK_III_TUXA/HE-THONG-NHUNG-IOT/MCU/SDK_1.0.3_NUCLEO-F401RE/shared/Drivers/STM32F401RE_StdPeriph_Driver/src/stm32f401re_rcc.c:1493:6:RCC_APB2PeriphClockCmd	16	static
F:/DAY HOC/2023-2024_HK_III_TUXA/HE-THONG-NHUNG-IOT/MCU/SDK_1.0.3_NUCLEO-F401RE/shared/Drivers/STM32F401RE_StdPeriph_Driver/src/stm32f401re_rcc.c:1535:6:RCC_AHB1PeriphResetCmd	16	static
F:/DAY HOC/2023-2024_HK_III_TUXA/HE-THONG-NHUNG-IOT/MCU/SDK_1.0.3_NUCLEO-F401RE/shared/Drivers/STM32F401RE_StdPeriph_Driver/src/stm32f401re_rcc.c:1564:6:RCC_AHB2PeriphResetCmd	16	static
F:/DAY HOC/2023-2024_HK_III_TUXA/HE-THONG-NHUNG-IOT/MCU/SDK_1.0.3_NUCLEO-F401RE/shared/Drivers/STM32F401RE_StdPeriph_Driver/src/stm32f401re_rcc.c:1617:6:RCC_APB1PeriphResetCmd	16	static
F:/DAY HOC/2023-2024_HK_III_TUXA/HE-THONG-NHUNG-IOT/MCU/SDK_1.0.3_NUCLEO-F401RE/shared/Drivers/STM32F401RE_StdPeriph_Driver/src/stm32f401re_rcc.c:1664:6:RCC_APB2PeriphResetCmd	16	static
F:/DAY HOC/2023-2024_HK_III_TUXA/HE-THONG-NHUNG-IOT/MCU/SDK_1.0.3_NUCLEO-F401RE/shared/Drivers/STM32F401RE_StdPeriph_Driver/src/stm32f401re_rcc.c:1713:6:RCC_AHB1PeriphClockLPModeCmd	16	static
F:/DAY HOC/2023-2024_HK_III_TUXA/HE-THONG-NHUNG-IOT/MCU/SDK_1.0.3_NUCLEO-F401RE/shared/Drivers/STM32F401RE_StdPeriph_Driver/src/stm32f401re_rcc.c:1745:6:RCC_AHB2PeriphClockLPModeCmd	16	static
F:/DAY HOC/2023-2024_HK_III_TUXA/HE-THONG-NHUNG-IOT/MCU/SDK_1.0.3_NUCLEO-F401RE/shared/Drivers/STM32F401RE_StdPeriph_Driver/src/stm32f401re_rcc.c:1802:6:RCC_APB1PeriphClockLPModeCmd	16	static
F:/DAY HOC/2023-2024_HK_III_TUXA/HE-THONG-NHUNG-IOT/MCU/SDK_1.0.3_NUCLEO-F401RE/shared/Drivers/STM32F401RE_StdPeriph_Driver/src/stm32f401re_rcc.c:1854:6:RCC_APB2PeriphClockLPModeCmd	16	static
F:/DAY HOC/2023-2024_HK_III_TUXA/HE-THONG-NHUNG-IOT/MCU/SDK_1.0.3_NUCLEO-F401RE/shared/Drivers/STM32F401RE_StdPeriph_Driver/src/stm32f401re_rcc.c:1878:6:RCC_LSEModeConfig	16	static
F:/DAY HOC/2023-2024_HK_III_TUXA/HE-THONG-NHUNG-IOT/MCU/SDK_1.0.3_NUCLEO-F401RE/shared/Drivers/STM32F401RE_StdPeriph_Driver/src/stm32f401re_rcc.c:1920:6:RCC_ITConfig	16	static
F:/DAY HOC/2023-2024_HK_III_TUXA/HE-THONG-NHUNG-IOT/MCU/SDK_1.0.3_NUCLEO-F401RE/shared/Drivers/STM32F401RE_StdPeriph_Driver/src/stm32f401re_rcc.c:1957:12:RCC_GetFlagStatus	32	static
F:/DAY HOC/2023-2024_HK_III_TUXA/HE-THONG-NHUNG-IOT/MCU/SDK_1.0.3_NUCLEO-F401RE/shared/Drivers/STM32F401RE_StdPeriph_Driver/src/stm32f401re_rcc.c:2002:6:RCC_ClearFlag	4	static
F:/DAY HOC/2023-2024_HK_III_TUXA/HE-THONG-NHUNG-IOT/MCU/SDK_1.0.3_NUCLEO-F401RE/shared/Drivers/STM32F401RE_StdPeriph_Driver/src/stm32f401re_rcc.c:2022:10:RCC_GetITStatus	24	static
F:/DAY HOC/2023-2024_HK_III_TUXA/HE-THONG-NHUNG-IOT/MCU/SDK_1.0.3_NUCLEO-F401RE/shared/Drivers/STM32F401RE_StdPeriph_Driver/src/stm32f401re_rcc.c:2056:6:RCC_ClearITPendingBit	16	static
