18:20:50 **** Build of configuration Debug for project Project-dautien ****
make -j8 all 
arm-none-eabi-gcc -mcpu=cortex-m4 -g3 -DDEBUG -c -I"F:/DAY HOC/2022-2023_HK_II/HE THONG NHUNG IOT/SDK_1.0.3_NUCLEO-F401RE/shared/Drivers/CMSIS/Include" -I"F:/DAY HOC/2022-2023_HK_II/HE THONG NHUNG IOT/SDK_1.0.3_NUCLEO-F401RE/shared/Drivers/CMSIS/Source" -I"F:/DAY HOC/2022-2023_HK_II/HE THONG NHUNG IOT/SDK_1.0.3_NUCLEO-F401RE/shared/Drivers/STM32F401RE_StdPeriph_Driver/inc" -I"F:/DAY HOC/2022-2023_HK_II/HE THONG NHUNG IOT/SDK_1.0.3_NUCLEO-F401RE/shared/Drivers/STM32F401RE_StdPeriph_Driver/src" -I"F:/DAY HOC/2022-2023_HK_II/HE THONG NHUNG IOT/SDK_1.0.3_NUCLEO-F401RE/shared/Middle/button" -I"F:/DAY HOC/2022-2023_HK_II/HE THONG NHUNG IOT/SDK_1.0.3_NUCLEO-F401RE/shared/Middle/buzzer" -I"F:/DAY HOC/2022-2023_HK_II/HE THONG NHUNG IOT/SDK_1.0.3_NUCLEO-F401RE/shared/Middle/led" -I"F:/DAY HOC/2022-2023_HK_II/HE THONG NHUNG IOT/SDK_1.0.3_NUCLEO-F401RE/shared/Middle/rtos" -I"F:/DAY HOC/2022-2023_HK_II/HE THONG NHUNG IOT/SDK_1.0.3_NUCLEO-F401RE/shared/Middle/sensor" -I"F:/DAY HOC/2022-2023_HK_II/HE THONG NHUNG IOT/SDK_1.0.3_NUCLEO-F401RE/shared/Middle/serial" -I"F:/DAY HOC/2022-2023_HK_II/HE THONG NHUNG IOT/SDK_1.0.3_NUCLEO-F401RE/shared/Middle/ucglib" -I"F:/DAY HOC/2022-2023_HK_II/HE THONG NHUNG IOT/SDK_1.0.3_NUCLEO-F401RE/shared/Utilities" -x assembler-with-cpp -MMD -MP -MF"Startup/startup_stm32f401retx.d" -MT"Startup/startup_stm32f401retx.o" --specs=nano.specs -mfpu=fpv4-sp-d16 -mfloat-abi=hard -mthumb -o "Startup/startup_stm32f401retx.o" "../Startup/startup_stm32f401retx.s"
arm-none-eabi-gcc "../Src/main.c" -mcpu=cortex-m4 -std=gnu11 -g3 -DDEBUG -DNUCLEO_F401RE -DSTM32 -DSTM32F401RETx -DSTM32F4 -c -I"F:/DAY HOC/2022-2023_HK_II/HE THONG NHUNG IOT/SDK_1.0.3_NUCLEO-F401RE/shared/Drivers/CMSIS/Include" -I"F:/DAY HOC/2022-2023_HK_II/HE THONG NHUNG IOT/SDK_1.0.3_NUCLEO-F401RE/shared/Drivers/STM32F401RE_StdPeriph_Driver/inc" -I"F:/DAY HOC/2022-2023_HK_II/HE THONG NHUNG IOT/SDK_1.0.3_NUCLEO-F401RE/shared/Middle/button" -I"F:/DAY HOC/2022-2023_HK_II/HE THONG NHUNG IOT/SDK_1.0.3_NUCLEO-F401RE/shared/Middle/buzzer" -I"F:/DAY HOC/2022-2023_HK_II/HE THONG NHUNG IOT/SDK_1.0.3_NUCLEO-F401RE/shared/Middle/led" -I"F:/DAY HOC/2022-2023_HK_II/HE THONG NHUNG IOT/SDK_1.0.3_NUCLEO-F401RE/shared/Middle/rtos" -I"F:/DAY HOC/2022-2023_HK_II/HE THONG NHUNG IOT/SDK_1.0.3_NUCLEO-F401RE/shared/Middle/sensor" -I"F:/DAY HOC/2022-2023_HK_II/HE THONG NHUNG IOT/SDK_1.0.3_NUCLEO-F401RE/shared/Middle/serial" -I"F:/DAY HOC/2022-2023_HK_II/HE THONG NHUNG IOT/SDK_1.0.3_NUCLEO-F401RE/shared/Middle/ucglib" -I"F:/DAY HOC/2022-2023_HK_II/HE THONG NHUNG IOT/SDK_1.0.3_NUCLEO-F401RE/shared/Utilities" -O0 -ffunction-sections -fdata-sections -Wall -fstack-usage -MMD -MP -MF"Src/main.d" -MT"Src/main.o" --specs=nano.specs -mfpu=fpv4-sp-d16 -mfloat-abi=hard -mthumb -o "Src/main.o"
arm-none-eabi-gcc "../Src/syscalls.c" -mcpu=cortex-m4 -std=gnu11 -g3 -DDEBUG -DNUCLEO_F401RE -DSTM32 -DSTM32F401RETx -DSTM32F4 -c -I"F:/DAY HOC/2022-2023_HK_II/HE THONG NHUNG IOT/SDK_1.0.3_NUCLEO-F401RE/shared/Drivers/CMSIS/Include" -I"F:/DAY HOC/2022-2023_HK_II/HE THONG NHUNG IOT/SDK_1.0.3_NUCLEO-F401RE/shared/Drivers/STM32F401RE_StdPeriph_Driver/inc" -I"F:/DAY HOC/2022-2023_HK_II/HE THONG NHUNG IOT/SDK_1.0.3_NUCLEO-F401RE/shared/Middle/button" -I"F:/DAY HOC/2022-2023_HK_II/HE THONG NHUNG IOT/SDK_1.0.3_NUCLEO-F401RE/shared/Middle/buzzer" -I"F:/DAY HOC/2022-2023_HK_II/HE THONG NHUNG IOT/SDK_1.0.3_NUCLEO-F401RE/shared/Middle/led" -I"F:/DAY HOC/2022-2023_HK_II/HE THONG NHUNG IOT/SDK_1.0.3_NUCLEO-F401RE/shared/Middle/rtos" -I"F:/DAY HOC/2022-2023_HK_II/HE THONG NHUNG IOT/SDK_1.0.3_NUCLEO-F401RE/shared/Middle/sensor" -I"F:/DAY HOC/2022-2023_HK_II/HE THONG NHUNG IOT/SDK_1.0.3_NUCLEO-F401RE/shared/Middle/serial" -I"F:/DAY HOC/2022-2023_HK_II/HE THONG NHUNG IOT/SDK_1.0.3_NUCLEO-F401RE/shared/Middle/ucglib" -I"F:/DAY HOC/2022-2023_HK_II/HE THONG NHUNG IOT/SDK_1.0.3_NUCLEO-F401RE/shared/Utilities" -O0 -ffunction-sections -fdata-sections -Wall -fstack-usage -MMD -MP -MF"Src/syscalls.d" -MT"Src/syscalls.o" --specs=nano.specs -mfpu=fpv4-sp-d16 -mfloat-abi=hard -mthumb -o "Src/syscalls.o"
arm-none-eabi-gcc "../Src/sysmem.c" -mcpu=cortex-m4 -std=gnu11 -g3 -DDEBUG -DNUCLEO_F401RE -DSTM32 -DSTM32F401RETx -DSTM32F4 -c -I"F:/DAY HOC/2022-2023_HK_II/HE THONG NHUNG IOT/SDK_1.0.3_NUCLEO-F401RE/shared/Drivers/CMSIS/Include" -I"F:/DAY HOC/2022-2023_HK_II/HE THONG NHUNG IOT/SDK_1.0.3_NUCLEO-F401RE/shared/Drivers/STM32F401RE_StdPeriph_Driver/inc" -I"F:/DAY HOC/2022-2023_HK_II/HE THONG NHUNG IOT/SDK_1.0.3_NUCLEO-F401RE/shared/Middle/button" -I"F:/DAY HOC/2022-2023_HK_II/HE THONG NHUNG IOT/SDK_1.0.3_NUCLEO-F401RE/shared/Middle/buzzer" -I"F:/DAY HOC/2022-2023_HK_II/HE THONG NHUNG IOT/SDK_1.0.3_NUCLEO-F401RE/shared/Middle/led" -I"F:/DAY HOC/2022-2023_HK_II/HE THONG NHUNG IOT/SDK_1.0.3_NUCLEO-F401RE/shared/Middle/rtos" -I"F:/DAY HOC/2022-2023_HK_II/HE THONG NHUNG IOT/SDK_1.0.3_NUCLEO-F401RE/shared/Middle/sensor" -I"F:/DAY HOC/2022-2023_HK_II/HE THONG NHUNG IOT/SDK_1.0.3_NUCLEO-F401RE/shared/Middle/serial" -I"F:/DAY HOC/2022-2023_HK_II/HE THONG NHUNG IOT/SDK_1.0.3_NUCLEO-F401RE/shared/Middle/ucglib" -I"F:/DAY HOC/2022-2023_HK_II/HE THONG NHUNG IOT/SDK_1.0.3_NUCLEO-F401RE/shared/Utilities" -O0 -ffunction-sections -fdata-sections -Wall -fstack-usage -MMD -MP -MF"Src/sysmem.d" -MT"Src/sysmem.o" --specs=nano.specs -mfpu=fpv4-sp-d16 -mfloat-abi=hard -mthumb -o "Src/sysmem.o"
arm-none-eabi-gcc "F:/DAY HOC/2022-2023_HK_II/HE THONG NHUNG IOT/SDK_1.0.3_NUCLEO-F401RE/shared/Utilities/buff.c" -mcpu=cortex-m4 -std=gnu11 -g3 -DDEBUG -DNUCLEO_F401RE -DSTM32 -DSTM32F401RETx -DSTM32F4 -c -I"F:/DAY HOC/2022-2023_HK_II/HE THONG NHUNG IOT/SDK_1.0.3_NUCLEO-F401RE/shared/Drivers/CMSIS/Include" -I"F:/DAY HOC/2022-2023_HK_II/HE THONG NHUNG IOT/SDK_1.0.3_NUCLEO-F401RE/shared/Drivers/STM32F401RE_StdPeriph_Driver/inc" -I"F:/DAY HOC/2022-2023_HK_II/HE THONG NHUNG IOT/SDK_1.0.3_NUCLEO-F401RE/shared/Middle/button" -I"F:/DAY HOC/2022-2023_HK_II/HE THONG NHUNG IOT/SDK_1.0.3_NUCLEO-F401RE/shared/Middle/buzzer" -I"F:/DAY HOC/2022-2023_HK_II/HE THONG NHUNG IOT/SDK_1.0.3_NUCLEO-F401RE/shared/Middle/led" -I"F:/DAY HOC/2022-2023_HK_II/HE THONG NHUNG IOT/SDK_1.0.3_NUCLEO-F401RE/shared/Middle/rtos" -I"F:/DAY HOC/2022-2023_HK_II/HE THONG NHUNG IOT/SDK_1.0.3_NUCLEO-F401RE/shared/Middle/sensor" -I"F:/DAY HOC/2022-2023_HK_II/HE THONG NHUNG IOT/SDK_1.0.3_NUCLEO-F401RE/shared/Middle/serial" -I"F:/DAY HOC/2022-2023_HK_II/HE THONG NHUNG IOT/SDK_1.0.3_NUCLEO-F401RE/shared/Middle/ucglib" -I"F:/DAY HOC/2022-2023_HK_II/HE THONG NHUNG IOT/SDK_1.0.3_NUCLEO-F401RE/shared/Utilities" -O0 -ffunction-sections -fdata-sections -Wall -fstack-usage -MMD -MP -MF"SDK_1.0.3_NUCLEO-F401RE/shared/Utilities/buff.d" -MT"SDK_1.0.3_NUCLEO-F401RE/shared/Utilities/buff.o" --specs=nano.specs -mfpu=fpv4-sp-d16 -mfloat-abi=hard -mthumb -o "SDK_1.0.3_NUCLEO-F401RE/shared/Utilities/buff.o"
arm-none-eabi-gcc "F:/DAY HOC/2022-2023_HK_II/HE THONG NHUNG IOT/SDK_1.0.3_NUCLEO-F401RE/shared/Utilities/utilities.c" -mcpu=cortex-m4 -std=gnu11 -g3 -DDEBUG -DNUCLEO_F401RE -DSTM32 -DSTM32F401RETx -DSTM32F4 -c -I"F:/DAY HOC/2022-2023_HK_II/HE THONG NHUNG IOT/SDK_1.0.3_NUCLEO-F401RE/shared/Drivers/CMSIS/Include" -I"F:/DAY HOC/2022-2023_HK_II/HE THONG NHUNG IOT/SDK_1.0.3_NUCLEO-F401RE/shared/Drivers/STM32F401RE_StdPeriph_Driver/inc" -I"F:/DAY HOC/2022-2023_HK_II/HE THONG NHUNG IOT/SDK_1.0.3_NUCLEO-F401RE/shared/Middle/button" -I"F:/DAY HOC/2022-2023_HK_II/HE THONG NHUNG IOT/SDK_1.0.3_NUCLEO-F401RE/shared/Middle/buzzer" -I"F:/DAY HOC/2022-2023_HK_II/HE THONG NHUNG IOT/SDK_1.0.3_NUCLEO-F401RE/shared/Middle/led" -I"F:/DAY HOC/2022-2023_HK_II/HE THONG NHUNG IOT/SDK_1.0.3_NUCLEO-F401RE/shared/Middle/rtos" -I"F:/DAY HOC/2022-2023_HK_II/HE THONG NHUNG IOT/SDK_1.0.3_NUCLEO-F401RE/shared/Middle/sensor" -I"F:/DAY HOC/2022-2023_HK_II/HE THONG NHUNG IOT/SDK_1.0.3_NUCLEO-F401RE/shared/Middle/serial" -I"F:/DAY HOC/2022-2023_HK_II/HE THONG NHUNG IOT/SDK_1.0.3_NUCLEO-F401RE/shared/Middle/ucglib" -I"F:/DAY HOC/2022-2023_HK_II/HE THONG NHUNG IOT/SDK_1.0.3_NUCLEO-F401RE/shared/Utilities" -O0 -ffunction-sections -fdata-sections -Wall -fstack-usage -MMD -MP -MF"SDK_1.0.3_NUCLEO-F401RE/shared/Utilities/utilities.d" -MT"SDK_1.0.3_NUCLEO-F401RE/shared/Utilities/utilities.o" --specs=nano.specs -mfpu=fpv4-sp-d16 -mfloat-abi=hard -mthumb -o "SDK_1.0.3_NUCLEO-F401RE/shared/Utilities/utilities.o"
arm-none-eabi-gcc "F:/DAY HOC/2022-2023_HK_II/HE THONG NHUNG IOT/SDK_1.0.3_NUCLEO-F401RE/shared/Drivers/STM32F401RE_StdPeriph_Driver/src/stm32f401re_gpio.c" -mcpu=cortex-m4 -std=gnu11 -g3 -DDEBUG -DNUCLEO_F401RE -DSTM32 -DSTM32F401RETx -DSTM32F4 -c -I"F:/DAY HOC/2022-2023_HK_II/HE THONG NHUNG IOT/SDK_1.0.3_NUCLEO-F401RE/shared/Drivers/CMSIS/Include" -I"F:/DAY HOC/2022-2023_HK_II/HE THONG NHUNG IOT/SDK_1.0.3_NUCLEO-F401RE/shared/Drivers/STM32F401RE_StdPeriph_Driver/inc" -I"F:/DAY HOC/2022-2023_HK_II/HE THONG NHUNG IOT/SDK_1.0.3_NUCLEO-F401RE/shared/Middle/button" -I"F:/DAY HOC/2022-2023_HK_II/HE THONG NHUNG IOT/SDK_1.0.3_NUCLEO-F401RE/shared/Middle/buzzer" -I"F:/DAY HOC/2022-2023_HK_II/HE THONG NHUNG IOT/SDK_1.0.3_NUCLEO-F401RE/shared/Middle/led" -I"F:/DAY HOC/2022-2023_HK_II/HE THONG NHUNG IOT/SDK_1.0.3_NUCLEO-F401RE/shared/Middle/rtos" -I"F:/DAY HOC/2022-2023_HK_II/HE THONG NHUNG IOT/SDK_1.0.3_NUCLEO-F401RE/shared/Middle/sensor" -I"F:/DAY HOC/2022-2023_HK_II/HE THONG NHUNG IOT/SDK_1.0.3_NUCLEO-F401RE/shared/Middle/serial" -I"F:/DAY HOC/2022-2023_HK_II/HE THONG NHUNG IOT/SDK_1.0.3_NUCLEO-F401RE/shared/Middle/ucglib" -I"F:/DAY HOC/2022-2023_HK_II/HE THONG NHUNG IOT/SDK_1.0.3_NUCLEO-F401RE/shared/Utilities" -O0 -ffunction-sections -fdata-sections -Wall -fstack-usage -MMD -MP -MF"SDK_1.0.3_NUCLEO-F401RE/shared/Drivers/STM32F401RE_StdPeriph_Driver/src/stm32f401re_gpio.d" -MT"SDK_1.0.3_NUCLEO-F401RE/shared/Drivers/STM32F401RE_StdPeriph_Driver/src/stm32f401re_gpio.o" --specs=nano.specs -mfpu=fpv4-sp-d16 -mfloat-abi=hard -mthumb -o "SDK_1.0.3_NUCLEO-F401RE/shared/Drivers/STM32F401RE_StdPeriph_Driver/src/stm32f401re_gpio.o"
arm-none-eabi-gcc "F:/DAY HOC/2022-2023_HK_II/HE THONG NHUNG IOT/SDK_1.0.3_NUCLEO-F401RE/shared/Drivers/STM32F401RE_StdPeriph_Driver/src/stm32f401re_rcc.c" -mcpu=cortex-m4 -std=gnu11 -g3 -DDEBUG -DNUCLEO_F401RE -DSTM32 -DSTM32F401RETx -DSTM32F4 -c -I"F:/DAY HOC/2022-2023_HK_II/HE THONG NHUNG IOT/SDK_1.0.3_NUCLEO-F401RE/shared/Drivers/CMSIS/Include" -I"F:/DAY HOC/2022-2023_HK_II/HE THONG NHUNG IOT/SDK_1.0.3_NUCLEO-F401RE/shared/Drivers/STM32F401RE_StdPeriph_Driver/inc" -I"F:/DAY HOC/2022-2023_HK_II/HE THONG NHUNG IOT/SDK_1.0.3_NUCLEO-F401RE/shared/Middle/button" -I"F:/DAY HOC/2022-2023_HK_II/HE THONG NHUNG IOT/SDK_1.0.3_NUCLEO-F401RE/shared/Middle/buzzer" -I"F:/DAY HOC/2022-2023_HK_II/HE THONG NHUNG IOT/SDK_1.0.3_NUCLEO-F401RE/shared/Middle/led" -I"F:/DAY HOC/2022-2023_HK_II/HE THONG NHUNG IOT/SDK_1.0.3_NUCLEO-F401RE/shared/Middle/rtos" -I"F:/DAY HOC/2022-2023_HK_II/HE THONG NHUNG IOT/SDK_1.0.3_NUCLEO-F401RE/shared/Middle/sensor" -I"F:/DAY HOC/2022-2023_HK_II/HE THONG NHUNG IOT/SDK_1.0.3_NUCLEO-F401RE/shared/Middle/serial" -I"F:/DAY HOC/2022-2023_HK_II/HE THONG NHUNG IOT/SDK_1.0.3_NUCLEO-F401RE/shared/Middle/ucglib" -I"F:/DAY HOC/2022-2023_HK_II/HE THONG NHUNG IOT/SDK_1.0.3_NUCLEO-F401RE/shared/Utilities" -O0 -ffunction-sections -fdata-sections -Wall -fstack-usage -MMD -MP -MF"SDK_1.0.3_NUCLEO-F401RE/shared/Drivers/STM32F401RE_StdPeriph_Driver/src/stm32f401re_rcc.d" -MT"SDK_1.0.3_NUCLEO-F401RE/shared/Drivers/STM32F401RE_StdPeriph_Driver/src/stm32f401re_rcc.o" --specs=nano.specs -mfpu=fpv4-sp-d16 -mfloat-abi=hard -mthumb -o "SDK_1.0.3_NUCLEO-F401RE/shared/Drivers/STM32F401RE_StdPeriph_Driver/src/stm32f401re_rcc.o"
arm-none-eabi-gcc "F:/DAY HOC/2022-2023_HK_II/HE THONG NHUNG IOT/SDK_1.0.3_NUCLEO-F401RE/shared/Drivers/CMSIS/Source/system_stm32f4xx.c" -mcpu=cortex-m4 -std=gnu11 -g3 -DDEBUG -DNUCLEO_F401RE -DSTM32 -DSTM32F401RETx -DSTM32F4 -c -I"F:/DAY HOC/2022-2023_HK_II/HE THONG NHUNG IOT/SDK_1.0.3_NUCLEO-F401RE/shared/Drivers/CMSIS/Include" -I"F:/DAY HOC/2022-2023_HK_II/HE THONG NHUNG IOT/SDK_1.0.3_NUCLEO-F401RE/shared/Drivers/STM32F401RE_StdPeriph_Driver/inc" -I"F:/DAY HOC/2022-2023_HK_II/HE THONG NHUNG IOT/SDK_1.0.3_NUCLEO-F401RE/shared/Middle/button" -I"F:/DAY HOC/2022-2023_HK_II/HE THONG NHUNG IOT/SDK_1.0.3_NUCLEO-F401RE/shared/Middle/buzzer" -I"F:/DAY HOC/2022-2023_HK_II/HE THONG NHUNG IOT/SDK_1.0.3_NUCLEO-F401RE/shared/Middle/led" -I"F:/DAY HOC/2022-2023_HK_II/HE THONG NHUNG IOT/SDK_1.0.3_NUCLEO-F401RE/shared/Middle/rtos" -I"F:/DAY HOC/2022-2023_HK_II/HE THONG NHUNG IOT/SDK_1.0.3_NUCLEO-F401RE/shared/Middle/sensor" -I"F:/DAY HOC/2022-2023_HK_II/HE THONG NHUNG IOT/SDK_1.0.3_NUCLEO-F401RE/shared/Middle/serial" -I"F:/DAY HOC/2022-2023_HK_II/HE THONG NHUNG IOT/SDK_1.0.3_NUCLEO-F401RE/shared/Middle/ucglib" -I"F:/DAY HOC/2022-2023_HK_II/HE THONG NHUNG IOT/SDK_1.0.3_NUCLEO-F401RE/shared/Utilities" -O0 -ffunction-sections -fdata-sections -Wall -fstack-usage -MMD -MP -MF"SDK_1.0.3_NUCLEO-F401RE/shared/Drivers/CMSIS/Source/system_stm32f4xx.d" -MT"SDK_1.0.3_NUCLEO-F401RE/shared/Drivers/CMSIS/Source/system_stm32f4xx.o" --specs=nano.specs -mfpu=fpv4-sp-d16 -mfloat-abi=hard -mthumb -o "SDK_1.0.3_NUCLEO-F401RE/shared/Drivers/CMSIS/Source/system_stm32f4xx.o"
arm-none-eabi-gcc -o "Project-dautien.elf" @"objects.list"  -lLibraries -mcpu=cortex-m4 -T"F:\DAY HOC\2023-2024_HK_III_TUXA\HE-THONG-NHUNG-IOT\MCU\Project-dautien\STM32F401RETX_FLASH.ld" --specs=nosys.specs -Wl,-Map="Project-dautien.map" -Wl,--gc-sections -static -L"F:\DAY HOC\2022-2023_HK_II\HE THONG NHUNG IOT\SDK_1.0.3_NUCLEO-F401RE\lib_stm" --specs=nano.specs -mfpu=fpv4-sp-d16 -mfloat-abi=hard -mthumb -Wl,--start-group -lc -lm -Wl,--end-group
Finished building target: Project-dautien.elf
 
arm-none-eabi-size   Project-dautien.elf 
arm-none-eabi-objdump -h -S  Project-dautien.elf  > "Project-dautien.list"
arm-none-eabi-objcopy  -O binary  Project-dautien.elf  "Project-dautien.bin"
   text	   data	    bss	    dec	    hex	filename
   1628	      8	   1568	   3204	    c84	Project-dautien.elf
Finished building: default.size.stdout
 
Finished building: Project-dautien.list
 
Finished building: Project-dautien.bin
 
18:20:55 **** Incremental Build of configuration Debug for project Project-dautien ****
make -j8 all 
arm-none-eabi-size   Project-dautien.elf 
   text	   data	    bss	    dec	    hex	filename
   1628	      8	   1568	   3204	    c84	Project-dautien.elf
Finished building: default.size.stdout
 
